
> vibe-generated-app@1.0.0 dev
> vite


  VITE v5.4.20  ready in 307 ms

  ➜  Local:   http://localhost:3000/
  ➜  Network: http://172.20.7.201:3000/
6:16:39 PM [vite] Pre-transform error: Transform failed with 1 error:
/home/workspace/src/components/Gallery.jsx:17:91: ERROR: Expected identifier but found "!"
6:16:40 PM [vite] Internal server error: Transform failed with 1 error:
/home/workspace/src/components/Gallery.jsx:17:91: ERROR: Expected identifier but found "!"
  Plugin: vite:esbuild
  File: /home/workspace/src/components/Gallery.jsx:17:91
  
  Expected identifier but found "!"
  15 |        <div className="mx-auto max-w-6xl px-6">
  16 |          <h2 className="text-white text-2xl md:text-3xl font-semibold mb-6">Inspiration</h2>
  17 |          <div className="columns-1 sm:columns-2 md:columns-3 gap-4 [column-fill:_balance]"><!-- masonry -->
     |                                                                                             ^
  18 |            {cards.map((c, i) => (
  19 |              <motion.div
  
      at failureErrorWithLog (/home/workspace/node_modules/esbuild/lib/main.js:1472:15)
      at /home/workspace/node_modules/esbuild/lib/main.js:755:50
      at responseCallbacks.<computed> (/home/workspace/node_modules/esbuild/lib/main.js:622:9)
      at handleIncomingPacket (/home/workspace/node_modules/esbuild/lib/main.js:677:12)
      at Socket.readFromStdout (/home/workspace/node_modules/esbuild/lib/main.js:600:7)
      at Socket.emit (node:events:508:28)
      at addChunk (node:internal/streams/readable:559:12)
      at readableAddChunkPushByteMode (node:internal/streams/readable:510:3)
      at Readable.push (node:internal/streams/readable:390:5)
      at Pipe.onStreamRead (node:internal/stream_base_commons:189:23)
6:16:56 PM [vite] Internal server error: Transform failed with 1 error:
/home/workspace/src/components/Gallery.jsx:17:91: ERROR: Expected identifier but found "!"
  Plugin: vite:esbuild
  File: /home/workspace/src/components/Gallery.jsx:17:91
  
  Expected identifier but found "!"
  15 |        <div className="mx-auto max-w-6xl px-6">
  16 |          <h2 className="text-white text-2xl md:text-3xl font-semibold mb-6">Inspiration</h2>
  17 |          <div className="columns-1 sm:columns-2 md:columns-3 gap-4 [column-fill:_balance]"><!-- masonry -->
     |                                                                                             ^
  18 |            {cards.map((c, i) => (
  19 |              <motion.div
  
      at failureErrorWithLog (/home/workspace/node_modules/esbuild/lib/main.js:1472:15)
      at /home/workspace/node_modules/esbuild/lib/main.js:755:50
      at responseCallbacks.<computed> (/home/workspace/node_modules/esbuild/lib/main.js:622:9)
      at handleIncomingPacket (/home/workspace/node_modules/esbuild/lib/main.js:677:12)
      at Socket.readFromStdout (/home/workspace/node_modules/esbuild/lib/main.js:600:7)
      at Socket.emit (node:events:508:28)
      at addChunk (node:internal/streams/readable:559:12)
      at readableAddChunkPushByteMode (node:internal/streams/readable:510:3)
      at Readable.push (node:internal/streams/readable:390:5)
      at Pipe.onStreamRead (node:internal/stream_base_commons:189:23)
6:17:15 PM [vite] Internal server error: Transform failed with 1 error:
/home/workspace/src/components/Gallery.jsx:17:91: ERROR: Expected identifier but found "!"
  Plugin: vite:esbuild
  File: /home/workspace/src/components/Gallery.jsx:17:91
  
  Expected identifier but found "!"
  15 |        <div className="mx-auto max-w-6xl px-6">
  16 |          <h2 className="text-white text-2xl md:text-3xl font-semibold mb-6">Inspiration</h2>
  17 |          <div className="columns-1 sm:columns-2 md:columns-3 gap-4 [column-fill:_balance]"><!-- masonry -->
     |                                                                                             ^
  18 |            {cards.map((c, i) => (
  19 |              <motion.div
  
      at failureErrorWithLog (/home/workspace/node_modules/esbuild/lib/main.js:1472:15)
      at /home/workspace/node_modules/esbuild/lib/main.js:755:50
      at responseCallbacks.<computed> (/home/workspace/node_modules/esbuild/lib/main.js:622:9)
      at handleIncomingPacket (/home/workspace/node_modules/esbuild/lib/main.js:677:12)
      at Socket.readFromStdout (/home/workspace/node_modules/esbuild/lib/main.js:600:7)
      at Socket.emit (node:events:508:28)
      at addChunk (node:internal/streams/readable:559:12)
      at readableAddChunkPushByteMode (node:internal/streams/readable:510:3)
      at Readable.push (node:internal/streams/readable:390:5)
      at Pipe.onStreamRead (node:internal/stream_base_commons:189:23)
